






   PASS  Tests\Feature\AuthFlowTest
  Ô£ô registration login and dashboard access                                   2.74s  
  Ô£ô normal authenticated flow                                                 0.08s  















   PASS  Tests\Feature\EmailTest
  Ô£ô welcome email sent on registration                                        0.02s  
  Ô£ô subscription confirmed email sent                                         0.03s  
  Ô£ô payment failed email sent                                                 0.05s  
  Ô£ô welcome email contains expected content                                   0.03s  
  Ô£ô subscription confirmed email contains plan details                        0.03s  
  Ô£ô payment failed email contains error details                               0.04s  
  Ô£ô multiple emails can be sent to user                                       0.05s  















   FAIL  Tests\Feature\SubscriptionTest
  Ô¿» checkout flow with stripe                                                 0.08s  
  Ô¿» checkout flow with mercadopago                                            5.90s  
  Ô¿» stripe webhook processing                                                 0.03s  
  Ô£ô mercadopago webhook processing                                            4.98s  
  Ô¿» subscription cancellation                                                 0.36s  
  Ô£ô billing page access                                                       0.04s  
  Ô£ô success page after payment                                                0.04s  















   PASS  Tests\Feature\TenancyTest
  Ô£ô tenant isolation for vehicles                                             0.06s  
  Ô£ô check tenant middleware blocks cross tenant access                        0.04s  
  Ô£ô domain resolution to tenant                                               0.03s  
  Ô£ô tenant creation with domain                                               0.02s  
  Ô£ô users are scoped to tenant                                                0.04s  
  Ô£ô tenant settings isolation                                                 0.03s  
  Ô£ô public landing resolves correct tenant                                    0.03s  
  ÔöÇÔöÇÔöÇÔöÇÔöÇÔöÇÔöÇÔöÇÔöÇÔöÇÔöÇÔöÇÔöÇÔöÇÔöÇÔöÇÔöÇÔöÇÔöÇÔöÇÔöÇÔöÇÔöÇÔöÇÔöÇÔöÇÔöÇÔöÇÔöÇÔöÇÔöÇÔöÇÔöÇÔöÇÔöÇÔöÇÔöÇÔöÇÔöÇÔöÇÔöÇÔöÇÔöÇÔöÇÔöÇÔöÇÔöÇÔöÇÔöÇÔöÇÔöÇÔöÇÔöÇÔöÇÔöÇÔöÇÔöÇÔöÇÔöÇÔöÇÔöÇÔöÇÔöÇÔöÇÔöÇÔöÇÔöÇÔöÇÔöÇÔöÇÔöÇÔöÇÔöÇÔöÇÔöÇÔöÇÔöÇÔöÇÔöÇÔöÇÔöÇ  
   FAILED  Tests\Feature\SubscriptionTest > checkout flowÔÇª  RouteNotFoundException   
  Route [subscriptions.plans] not defined.

  at vendor\laravel\framework\src\Illuminate\Routing\UrlGenerator.php:517
    513Ôûò             ! is_null($url = call_user_func($this->missingNamedRouteResolver, $name, $parameters, $absolute))) {
    514Ôûò             return $url;
    515Ôûò         }
    516Ôûò 
  Ô×£ 517Ôûò         throw new RouteNotFoundException("Route [{$name}] not defined.");
    518Ôûò     }
    519Ôûò 
    520Ôûò     /**
    521Ôûò      * Get the URL for a given route instance.

  1   vendor\laravel\framework\src\Illuminate\Routing\UrlGenerator.php:517
  2   vendor\laravel\framework\src\Illuminate\Foundation\helpers.php:853

  ÔöÇÔöÇÔöÇÔöÇÔöÇÔöÇÔöÇÔöÇÔöÇÔöÇÔöÇÔöÇÔöÇÔöÇÔöÇÔöÇÔöÇÔöÇÔöÇÔöÇÔöÇÔöÇÔöÇÔöÇÔöÇÔöÇÔöÇÔöÇÔöÇÔöÇÔöÇÔöÇÔöÇÔöÇÔöÇÔöÇÔöÇÔöÇÔöÇÔöÇÔöÇÔöÇÔöÇÔöÇÔöÇÔöÇÔöÇÔöÇÔöÇÔöÇÔöÇÔöÇÔöÇÔöÇÔöÇÔöÇÔöÇÔöÇÔöÇÔöÇÔöÇÔöÇÔöÇÔöÇÔöÇÔöÇÔöÇÔöÇÔöÇÔöÇÔöÇÔöÇÔöÇÔöÇÔöÇÔöÇÔöÇÔöÇÔöÇÔöÇÔöÇ  
   FAILED  Tests\Feature\SubscriptionTest > checkout flow with mercadopago           
  Expected response status code [201, 301, 302, 303, 307, 308] but received 500.
Failed asserting that false is true.

The following exception occurred during the last request:

Exception: SSL certificate problem: unable to get local issuer certificate in C:\Users\Juan Gonzalez\Desktop\JuanMauro\ProyectoAutos\vendor\mercadopago\dx-php\src\MercadoPago\Net\MPDefaultHttpClient.php:70
Stack trace:
#0 C:\Users\Juan Gonzalez\Desktop\JuanMauro\ProyectoAutos\vendor\mercadopago\dx-php\src\MercadoPago\Net\MPDefaultHttpClient.php(38): MercadoPago\Net\MPDefaultHttpClient->makeRequest()
#1 C:\Users\Juan Gonzalez\Desktop\JuanMauro\ProyectoAutos\vendor\mercadopago\dx-php\src\MercadoPago\Client\MercadoPagoClient.php(34): MercadoPago\Net\MPDefaultHttpClient->send()
#2 C:\Users\Juan Gonzalez\Desktop\JuanMauro\ProyectoAutos\vendor\mercadopago\dx-php\src\MercadoPago\Client\Preference\PreferenceClient.php(40): MercadoPago\Client\MercadoPagoClient->send()
#3 C:\Users\Juan Gonzalez\Desktop\JuanMauro\ProyectoAutos\app\Services\MercadoPagoService.php(29): MercadoPago\Client\Preference\PreferenceClient->create()
#4 C:\Users\Juan Gonzalez\Desktop\JuanMauro\ProyectoAutos\app\Http\Controllers\SubscriptionController.php(60): App\Services\MercadoPagoService->createPreference()
#5 C:\Users\Juan Gonzalez\Desktop\JuanMauro\ProyectoAutos\vendor\laravel\framework\src\Illuminate\Routing\ControllerDispatcher.php(47): App\Http\Controllers\SubscriptionController->checkout()
#6 C:\Users\Juan Gonzalez\Desktop\JuanMauro\ProyectoAutos\vendor\laravel\framework\src\Illuminate\Routing\Route.php(266): Illuminate\Routing\ControllerDispatcher->dispatch()
#7 C:\Users\Juan Gonzalez\Desktop\JuanMauro\ProyectoAutos\vendor\laravel\framework\src\Illuminate\Routing\Route.php(212): Illuminate\Routing\Route->runController()
#8 C:\Users\Juan Gonzalez\Desktop\JuanMauro\ProyectoAutos\vendor\laravel\framework\src\Illuminate\Routing\Router.php(808): Illuminate\Routing\Route->run()
#9 C:\Users\Juan Gonzalez\Desktop\JuanMauro\ProyectoAutos\vendor\laravel\framework\src\Illuminate\Pipeline\Pipeline.php(170): Illuminate\Routing\Router->{closure:Illuminate\Routing\Router::runRouteWithinStack():807}()
#10 C:\Users\Juan Gonzalez\Desktop\JuanMauro\ProyectoAutos\vendor\laravel\framework\src\Illuminate\Routing\Middleware\SubstituteBindings.php(51): Illuminate\Pipeline\Pipeline->{closure:Illuminate\Pipeline\Pipeline::prepareDestination():168}()
#11 C:\Users\Juan Gonzalez\Desktop\JuanMauro\ProyectoAutos\vendor\laravel\framework\src\Illuminate\Pipeline\Pipeline.php(209): Illuminate\Routing\Middleware\SubstituteBindings->handle()
#12 C:\Users\Juan Gonzalez\Desktop\JuanMauro\ProyectoAutos\vendor\laravel\framework\src\Illuminate\Foundation\Http\Middleware\VerifyCsrfToken.php(88): Illuminate\Pipeline\Pipeline->{closure:{closure:Illuminate\Pipeline\Pipeline::carry():184}:185}()
#13 C:\Users\Juan Gonzalez\Desktop\JuanMauro\ProyectoAutos\vendor\laravel\framework\src\Illuminate\Pipeline\Pipeline.php(209): Illuminate\Foundation\Http\Middleware\VerifyCsrfToken->handle()
#14 C:\Users\Juan Gonzalez\Desktop\JuanMauro\ProyectoAutos\vendor\laravel\framework\src\Illuminate\View\Middleware\ShareErrorsFromSession.php(49): Illuminate\Pipeline\Pipeline->{closure:{closure:Illuminate\Pipeline\Pipeline::carry():184}:185}()
#15 C:\Users\Juan Gonzalez\Desktop\JuanMauro\ProyectoAutos\vendor\laravel\framework\src\Illuminate\Pipeline\Pipeline.php(209): Illuminate\View\Middleware\ShareErrorsFromSession->handle()
#16 C:\Users\Juan Gonzalez\Desktop\JuanMauro\ProyectoAutos\vendor\laravel\framework\src\Illuminate\Session\Middleware\StartSession.php(121): Illuminate\Pipeline\Pipeline->{closure:{closure:Illuminate\Pipeline\Pipeline::carry():184}:185}()
#17 C:\Users\Juan Gonzalez\Desktop\JuanMauro\ProyectoAutos\vendor\laravel\framework\src\Illuminate\Session\Middleware\StartSession.php(64): Illuminate\Session\Middleware\StartSession->handleStatefulRequest()
#18 C:\Users\Juan Gonzalez\Desktop\JuanMauro\ProyectoAutos\vendor\laravel\framework\src\Illuminate\Pipeline\Pipeline.php(209): Illuminate\Session\Middleware\StartSession->handle()
#19 C:\Users\Juan Gonzalez\Desktop\JuanMauro\ProyectoAutos\vendor\laravel\framework\src\Illuminate\Cookie\Middleware\AddQueuedCookiesToResponse.php(37): Illuminate\Pipeline\Pipeline->{closure:{closure:Illuminate\Pipeline\Pipeline::carry():184}:185}()
#20 C:\Users\Juan Gonzalez\Desktop\JuanMauro\ProyectoAutos\vendor\laravel\framework\src\Illuminate\Pipeline\Pipeline.php(209): Illuminate\Cookie\Middleware\AddQueuedCookiesToResponse->handle()
#21 C:\Users\Juan Gonzalez\Desktop\JuanMauro\ProyectoAutos\vendor\laravel\framework\src\Illuminate\Cookie\Middleware\EncryptCookies.php(75): Illuminate\Pipeline\Pipeline->{closure:{closure:Illuminate\Pipeline\Pipeline::carry():184}:185}()
#22 C:\Users\Juan Gonzalez\Desktop\JuanMauro\ProyectoAutos\vendor\laravel\framework\src\Illuminate\Pipeline\Pipeline.php(209): Illuminate\Cookie\Middleware\EncryptCookies->handle()
#23 C:\Users\Juan Gonzalez\Desktop\JuanMauro\ProyectoAutos\vendor\laravel\framework\src\Illuminate\Pipeline\Pipeline.php(127): Illuminate\Pipeline\Pipeline->{closure:{closure:Illuminate\Pipeline\Pipeline::carry():184}:185}()
#24 C:\Users\Juan Gonzalez\Desktop\JuanMauro\ProyectoAutos\vendor\laravel\framework\src\Illuminate\Routing\Router.php(807): Illuminate\Pipeline\Pipeline->then()
#25 C:\Users\Juan Gonzalez\Desktop\JuanMauro\ProyectoAutos\vendor\laravel\framework\src\Illuminate\Routing\Router.php(786): Illuminate\Routing\Router->runRouteWithinStack()
#26 C:\Users\Juan Gonzalez\Desktop\JuanMauro\ProyectoAutos\vendor\laravel\framework\src\Illuminate\Routing\Router.php(750): Illuminate\Routing\Router->runRoute()
#27 C:\Users\Juan Gonzalez\Desktop\JuanMauro\ProyectoAutos\vendor\laravel\framework\src\Illuminate\Routing\Router.php(739): Illuminate\Routing\Router->dispatchToRoute()
#28 C:\Users\Juan Gonzalez\Desktop\JuanMauro\ProyectoAutos\vendor\laravel\framework\src\Illuminate\Foundation\Http\Kernel.php(201): Illuminate\Routing\Router->dispatch()
#29 C:\Users\Juan Gonzalez\Desktop\JuanMauro\ProyectoAutos\vendor\laravel\framework\src\Illuminate\Pipeline\Pipeline.php(170): Illuminate\Foundation\Http\Kernel->{closure:Illuminate\Foundation\Http\Kernel::dispatchToRouter():198}()
#30 C:\Users\Juan Gonzalez\Desktop\JuanMauro\ProyectoAutos\app\Http\Middleware\ForceHttps.php(23): Illuminate\Pipeline\Pipeline->{closure:Illuminate\Pipeline\Pipeline::prepareDestination():168}()
#31 C:\Users\Juan Gonzalez\Desktop\JuanMauro\ProyectoAutos\vendor\laravel\framework\src\Illuminate\Pipeline\Pipeline.php(209): App\Http\Middleware\ForceHttps->handle()
#32 C:\Users\Juan Gonzalez\Desktop\JuanMauro\ProyectoAutos\app\Http\Middleware\SecurityHeadersMiddleware.php(18): Illuminate\Pipeline\Pipeline->{closure:{closure:Illuminate\Pipeline\Pipeline::carry():184}:185}()
#33 C:\Users\Juan Gonzalez\Desktop\JuanMauro\ProyectoAutos\vendor\laravel\framework\src\Illuminate\Pipeline\Pipeline.php(209): App\Http\Middleware\SecurityHeadersMiddleware->handle()
#34 C:\Users\Juan Gonzalez\Desktop\JuanMauro\ProyectoAutos\app\Http\Middleware\ResolveTenantFromDomain.php(29): Illuminate\Pipeline\Pipeline->{closure:{closure:Illuminate\Pipeline\Pipeline::carry():184}:185}()
#35 C:\Users\Juan Gonzalez\Desktop\JuanMauro\ProyectoAutos\vendor\laravel\framework\src\Illuminate\Pipeline\Pipeline.php(209): App\Http\Middleware\ResolveTenantFromDomain->handle()
#36 C:\Users\Juan Gonzalez\Desktop\JuanMauro\ProyectoAutos\app\Http\Middleware\IdentifyTenant.php(26): Illuminate\Pipeline\Pipeline->{closure:{closure:Illuminate\Pipeline\Pipeline::carry():184}:185}()
#37 C:\Users\Juan Gonzalez\Desktop\JuanMauro\ProyectoAutos\vendor\laravel\framework\src\Illuminate\Pipeline\Pipeline.php(209): App\Http\Middleware\IdentifyTenant->handle()
#38 C:\Users\Juan Gonzalez\Desktop\JuanMauro\ProyectoAutos\vendor\laravel\framework\src\Illuminate\Foundation\Http\Middleware\TransformsRequest.php(21): Illuminate\Pipeline\Pipeline->{closure:{closure:Illuminate\Pipeline\Pipeline::carry():184}:185}()
#39 C:\Users\Juan Gonzalez\Desktop\JuanMauro\ProyectoAutos\vendor\laravel\framework\src\Illuminate\Foundation\Http\Middleware\ConvertEmptyStringsToNull.php(31): Illuminate\Foundation\Http\Middleware\TransformsRequest->handle()
#40 C:\Users\Juan Gonzalez\Desktop\JuanMauro\ProyectoAutos\vendor\laravel\framework\src\Illuminate\Pipeline\Pipeline.php(209): Illuminate\Foundation\Http\Middleware\ConvertEmptyStringsToNull->handle()
#41 C:\Users\Juan Gonzalez\Desktop\JuanMauro\ProyectoAutos\vendor\laravel\framework\src\Illuminate\Foundation\Http\Middleware\TransformsRequest.php(21): Illuminate\Pipeline\Pipeline->{closure:{closure:Illuminate\Pipeline\Pipeline::carry():184}:185}()
#42 C:\Users\Juan Gonzalez\Desktop\JuanMauro\ProyectoAutos\vendor\laravel\framework\src\Illuminate\Foundation\Http\Middleware\TrimStrings.php(51): Illuminate\Foundation\Http\Middleware\TransformsRequest->handle()
#43 C:\Users\Juan Gonzalez\Desktop\JuanMauro\ProyectoAutos\vendor\laravel\framework\src\Illuminate\Pipeline\Pipeline.php(209): Illuminate\Foundation\Http\Middleware\TrimStrings->handle()
#44 C:\Users\Juan Gonzalez\Desktop\JuanMauro\ProyectoAutos\vendor\laravel\framework\src\Illuminate\Http\Middleware\ValidatePostSize.php(27): Illuminate\Pipeline\Pipeline->{closure:{closure:Illuminate\Pipeline\Pipeline::carry():184}:185}()
#45 C:\Users\Juan Gonzalez\Desktop\JuanMauro\ProyectoAutos\vendor\laravel\framework\src\Illuminate\Pipeline\Pipeline.php(209): Illuminate\Http\Middleware\ValidatePostSize->handle()
#46 C:\Users\Juan Gonzalez\Desktop\JuanMauro\ProyectoAutos\vendor\laravel\framework\src\Illuminate\Foundation\Http\Middleware\PreventRequestsDuringMaintenance.php(110): Illuminate\Pipeline\Pipeline->{closure:{closure:Illuminate\Pipeline\Pipeline::carry():184}:185}()
#47 C:\Users\Juan Gonzalez\Desktop\JuanMauro\ProyectoAutos\vendor\laravel\framework\src\Illuminate\Pipeline\Pipeline.php(209): Illuminate\Foundation\Http\Middleware\PreventRequestsDuringMaintenance->handle()
#48 C:\Users\Juan Gonzalez\Desktop\JuanMauro\ProyectoAutos\vendor\laravel\framework\src\Illuminate\Http\Middleware\HandleCors.php(49): Illuminate\Pipeline\Pipeline->{closure:{closure:Illuminate\Pipeline\Pipeline::carry():184}:185}()
#49 C:\Users\Juan Gonzalez\Desktop\JuanMauro\ProyectoAutos\vendor\laravel\framework\src\Illuminate\Pipeline\Pipeline.php(209): Illuminate\Http\Middleware\HandleCors->handle()
#50 C:\Users\Juan Gonzalez\Desktop\JuanMauro\ProyectoAutos\vendor\laravel\framework\src\Illuminate\Http\Middleware\TrustProxies.php(58): Illuminate\Pipeline\Pipeline->{closure:{closure:Illuminate\Pipeline\Pipeline::carry():184}:185}()
#51 C:\Users\Juan Gonzalez\Desktop\JuanMauro\ProyectoAutos\vendor\laravel\framework\src\Illuminate\Pipeline\Pipeline.php(209): Illuminate\Http\Middleware\TrustProxies->handle()
#52 C:\Users\Juan Gonzalez\Desktop\JuanMauro\ProyectoAutos\vendor\laravel\framework\src\Illuminate\Foundation\Http\Middleware\InvokeDeferredCallbacks.php(22): Illuminate\Pipeline\Pipeline->{closure:{closure:Illuminate\Pipeline\Pipeline::carry():184}:185}()
#53 C:\Users\Juan Gonzalez\Desktop\JuanMauro\ProyectoAutos\vendor\laravel\framework\src\Illuminate\Pipeline\Pipeline.php(209): Illuminate\Foundation\Http\Middleware\InvokeDeferredCallbacks->handle()
#54 C:\Users\Juan Gonzalez\Desktop\JuanMauro\ProyectoAutos\vendor\laravel\framework\src\Illuminate\Pipeline\Pipeline.php(127): Illuminate\Pipeline\Pipeline->{closure:{closure:Illuminate\Pipeline\Pipeline::carry():184}:185}()
#55 C:\Users\Juan Gonzalez\Desktop\JuanMauro\ProyectoAutos\vendor\laravel\framework\src\Illuminate\Foundation\Http\Kernel.php(176): Illuminate\Pipeline\Pipeline->then()
#56 C:\Users\Juan Gonzalez\Desktop\JuanMauro\ProyectoAutos\vendor\laravel\framework\src\Illuminate\Foundation\Http\Kernel.php(145): Illuminate\Foundation\Http\Kernel->sendRequestThroughRouter()
#57 C:\Users\Juan Gonzalez\Desktop\JuanMauro\ProyectoAutos\vendor\laravel\framework\src\Illuminate\Foundation\Testing\Concerns\MakesHttpRequests.php(607): Illuminate\Foundation\Http\Kernel->handle()
#58 C:\Users\Juan Gonzalez\Desktop\JuanMauro\ProyectoAutos\vendor\laravel\framework\src\Illuminate\Foundation\Testing\Concerns\MakesHttpRequests.php(397): Illuminate\Foundation\Testing\TestCase->call()
#59 C:\Users\Juan Gonzalez\Desktop\JuanMauro\ProyectoAutos\tests\Feature\SubscriptionTest.php(53): Illuminate\Foundation\Testing\TestCase->post()
#60 C:\Users\Juan Gonzalez\Desktop\JuanMauro\ProyectoAutos\vendor\phpunit\phpunit\src\Framework\TestCase.php(1657): Tests\Feature\SubscriptionTest->test_checkout_flow_with_mercadopago()
#61 C:\Users\Juan Gonzalez\Desktop\JuanMauro\ProyectoAutos\vendor\phpunit\phpunit\src\Framework\TestCase.php(515): PHPUnit\Framework\TestCase->runTest()
#62 C:\Users\Juan Gonzalez\Desktop\JuanMauro\ProyectoAutos\vendor\phpunit\phpunit\src\Framework\TestRunner\TestRunner.php(87): PHPUnit\Framework\TestCase->runBare()
#63 C:\Users\Juan Gonzalez\Desktop\JuanMauro\ProyectoAutos\vendor\phpunit\phpunit\src\Framework\TestCase.php(361): PHPUnit\Framework\TestRunner->run()
#64 C:\Users\Juan Gonzalez\Desktop\JuanMauro\ProyectoAutos\vendor\phpunit\phpunit\src\Framework\TestSuite.php(369): PHPUnit\Framework\TestCase->run()
#65 C:\Users\Juan Gonzalez\Desktop\JuanMauro\ProyectoAutos\vendor\phpunit\phpunit\src\Framework\TestSuite.php(369): PHPUnit\Framework\TestSuite->run()
#66 C:\Users\Juan Gonzalez\Desktop\JuanMauro\ProyectoAutos\vendor\phpunit\phpunit\src\Framework\TestSuite.php(369): PHPUnit\Framework\TestSuite->run()
#67 C:\Users\Juan Gonzalez\Desktop\JuanMauro\ProyectoAutos\vendor\phpunit\phpunit\src\TextUI\TestRunner.php(64): PHPUnit\Framework\TestSuite->run()
#68 C:\Users\Juan Gonzalez\Desktop\JuanMauro\ProyectoAutos\vendor\phpunit\phpunit\src\TextUI\Application.php(211): PHPUnit\TextUI\TestRunner->run()
#69 C:\Users\Juan Gonzalez\Desktop\JuanMauro\ProyectoAutos\vendor\phpunit\phpunit\phpunit(104): PHPUnit\TextUI\Application->run()
#70 {main}

----------------------------------------------------------------------------------

SSL certificate problem: unable to get local issuer certificate

  at tests\Feature\SubscriptionTest.php:59
     55Ôûò                 'payment_method' => 'mercadopago',
     56Ôûò             ]);
     57Ôûò 
     58Ôûò         // Should redirect to MercadoPago checkout
  Ô×£  59Ôûò         $response->assertRedirect();
     60Ôûò     }
     61Ôûò 
     62Ôûò     /**
     63Ôûò      * Test Stripe webhook processing.

  ÔöÇÔöÇÔöÇÔöÇÔöÇÔöÇÔöÇÔöÇÔöÇÔöÇÔöÇÔöÇÔöÇÔöÇÔöÇÔöÇÔöÇÔöÇÔöÇÔöÇÔöÇÔöÇÔöÇÔöÇÔöÇÔöÇÔöÇÔöÇÔöÇÔöÇÔöÇÔöÇÔöÇÔöÇÔöÇÔöÇÔöÇÔöÇÔöÇÔöÇÔöÇÔöÇÔöÇÔöÇÔöÇÔöÇÔöÇÔöÇÔöÇÔöÇÔöÇÔöÇÔöÇÔöÇÔöÇÔöÇÔöÇÔöÇÔöÇÔöÇÔöÇÔöÇÔöÇÔöÇÔöÇÔöÇÔöÇÔöÇÔöÇÔöÇÔöÇÔöÇÔöÇÔöÇÔöÇÔöÇÔöÇÔöÇÔöÇÔöÇÔöÇ  
   FAILED  Tests\Feature\SubscriptionTest > stripe webhook processing                
  Failed asserting that false is true.

  at tests\Feature\SubscriptionTest.php:90
     86Ôûò 
     87Ôûò         $response = $this->postJson(route('webhooks.stripe'), $payload);
     88Ôûò 
     89Ôûò         // Webhook should process (might return 400 if signature invalid, which is expected in test)
  Ô×£  90Ôûò         $this->assertTrue(in_array($response->status(), [200, 400]));
     91Ôûò     }
     92Ôûò 
     93Ôûò     /**
     94Ôûò      * Test MercadoPago webhook processing.

  1   tests\Feature\SubscriptionTest.php:90

  ÔöÇÔöÇÔöÇÔöÇÔöÇÔöÇÔöÇÔöÇÔöÇÔöÇÔöÇÔöÇÔöÇÔöÇÔöÇÔöÇÔöÇÔöÇÔöÇÔöÇÔöÇÔöÇÔöÇÔöÇÔöÇÔöÇÔöÇÔöÇÔöÇÔöÇÔöÇÔöÇÔöÇÔöÇÔöÇÔöÇÔöÇÔöÇÔöÇÔöÇÔöÇÔöÇÔöÇÔöÇÔöÇÔöÇÔöÇÔöÇÔöÇÔöÇÔöÇÔöÇÔöÇÔöÇÔöÇÔöÇÔöÇÔöÇÔöÇÔöÇÔöÇÔöÇÔöÇÔöÇÔöÇÔöÇÔöÇÔöÇÔöÇÔöÇÔöÇÔöÇÔöÇÔöÇÔöÇÔöÇÔöÇÔöÇÔöÇÔöÇÔöÇ  
   FAILED  Tests\Feature\SubscriptionTest > subscription cancellation                
  Expected response status code [201, 301, 302, 303, 307, 308] but received 405.
Failed asserting that false is true.

  at tests\Feature\SubscriptionTest.php:126
    122Ôûò         $response = $this->actingAs($user)
    123Ôûò             ->post(route('subscriptions.cancel'));
    124Ôûò 
    125Ôûò         // Should cancel and redirect
  Ô×£ 126Ôûò         $response->assertRedirect();
    127Ôûò         $response->assertSessionHas('success');
    128Ôûò     }
    129Ôûò 
    130Ôûò     /**


  Tests:    4 failed, 19 passed (41 assertions)
  Duration: 14.94s

